// Vitest Snapshot v1, https://vitest.dev/guide/snapshot.html

exports[`Classes Composable > useContainerClasses > should return class object 1`] = `
{
  "d-flex flex-column justify-center align-center": false,
  "v-stepper-form": true,
  "v-stepper-form--container": true,
  "v-stepper-form--container-undefined": true,
}
`;
